  Determining projects to restore...
  All projects are up-to-date for restore.
C:\Users\HAO\.gemini\antigravity\scratch\LapLapAutoTool\Views\LaptopTestView.xaml(37,35): error MC3072: The property 'Padding' does not exist in XML namespace 'http://schemas.microsoft.com/winfx/2006/xaml/presentation'. Line 37 Position 35. [C:\Users\HAO\.gemini\antigravity\scratch\LapLapAutoTool\LapLapAutoTool.csproj]

Build FAILED.

C:\Users\HAO\.gemini\antigravity\scratch\LapLapAutoTool\Views\LaptopTestView.xaml(37,35): error MC3072: The property 'Padding' does not exist in XML namespace 'http://schemas.microsoft.com/winfx/2006/xaml/presentation'. Line 37 Position 35. [C:\Users\HAO\.gemini\antigravity\scratch\LapLapAutoTool\LapLapAutoTool.csproj]
    0 Warning(s)
    1 Error(s)

Time Elapsed 00:00:01.05
