  Determining projects to restore...
  All projects are up-to-date for restore.
C:\Users\HAO\.gemini\antigravity\scratch\LapLapAutoTool\ViewModels\MainWindowViewModel.cs(70,21): error CS0103: The name 'MessageBox' does not exist in the current context [C:\Users\HAO\.gemini\antigravity\scratch\LapLapAutoTool\LapLapAutoTool_qir0ul03_wpftmp.csproj]
C:\Users\HAO\.gemini\antigravity\scratch\LapLapAutoTool\ViewModels\MainWindowViewModel.cs(70,103): error CS0103: The name 'MessageBoxButton' does not exist in the current context [C:\Users\HAO\.gemini\antigravity\scratch\LapLapAutoTool\LapLapAutoTool_qir0ul03_wpftmp.csproj]
C:\Users\HAO\.gemini\antigravity\scratch\LapLapAutoTool\ViewModels\MainWindowViewModel.cs(70,124): error CS0103: The name 'MessageBoxImage' does not exist in the current context [C:\Users\HAO\.gemini\antigravity\scratch\LapLapAutoTool\LapLapAutoTool_qir0ul03_wpftmp.csproj]
C:\Users\HAO\.gemini\antigravity\scratch\LapLapAutoTool\ViewModels\MainWindowViewModel.cs(74,21): error CS0103: The name 'MessageBox' does not exist in the current context [C:\Users\HAO\.gemini\antigravity\scratch\LapLapAutoTool\LapLapAutoTool_qir0ul03_wpftmp.csproj]
C:\Users\HAO\.gemini\antigravity\scratch\LapLapAutoTool\ViewModels\MainWindowViewModel.cs(74,94): error CS0103: The name 'MessageBoxButton' does not exist in the current context [C:\Users\HAO\.gemini\antigravity\scratch\LapLapAutoTool\LapLapAutoTool_qir0ul03_wpftmp.csproj]
C:\Users\HAO\.gemini\antigravity\scratch\LapLapAutoTool\ViewModels\MainWindowViewModel.cs(74,115): error CS0103: The name 'MessageBoxImage' does not exist in the current context [C:\Users\HAO\.gemini\antigravity\scratch\LapLapAutoTool\LapLapAutoTool_qir0ul03_wpftmp.csproj]
C:\Users\HAO\.gemini\antigravity\scratch\LapLapAutoTool\ViewModels\MainWindowViewModel.cs(81,13): error CS0103: The name 'Clipboard' does not exist in the current context [C:\Users\HAO\.gemini\antigravity\scratch\LapLapAutoTool\LapLapAutoTool_qir0ul03_wpftmp.csproj]
C:\Users\HAO\.gemini\antigravity\scratch\LapLapAutoTool\ViewModels\MainWindowViewModel.cs(82,13): error CS0103: The name 'MessageBox' does not exist in the current context [C:\Users\HAO\.gemini\antigravity\scratch\LapLapAutoTool\LapLapAutoTool_qir0ul03_wpftmp.csproj]
C:\Users\HAO\.gemini\antigravity\scratch\LapLapAutoTool\ViewModels\MainWindowViewModel.cs(82,84): error CS0103: The name 'MessageBoxButton' does not exist in the current context [C:\Users\HAO\.gemini\antigravity\scratch\LapLapAutoTool\LapLapAutoTool_qir0ul03_wpftmp.csproj]
C:\Users\HAO\.gemini\antigravity\scratch\LapLapAutoTool\ViewModels\MainWindowViewModel.cs(82,105): error CS0103: The name 'MessageBoxImage' does not exist in the current context [C:\Users\HAO\.gemini\antigravity\scratch\LapLapAutoTool\LapLapAutoTool_qir0ul03_wpftmp.csproj]

Build FAILED.

C:\Users\HAO\.gemini\antigravity\scratch\LapLapAutoTool\ViewModels\MainWindowViewModel.cs(70,21): error CS0103: The name 'MessageBox' does not exist in the current context [C:\Users\HAO\.gemini\antigravity\scratch\LapLapAutoTool\LapLapAutoTool_qir0ul03_wpftmp.csproj]
C:\Users\HAO\.gemini\antigravity\scratch\LapLapAutoTool\ViewModels\MainWindowViewModel.cs(70,103): error CS0103: The name 'MessageBoxButton' does not exist in the current context [C:\Users\HAO\.gemini\antigravity\scratch\LapLapAutoTool\LapLapAutoTool_qir0ul03_wpftmp.csproj]
C:\Users\HAO\.gemini\antigravity\scratch\LapLapAutoTool\ViewModels\MainWindowViewModel.cs(70,124): error CS0103: The name 'MessageBoxImage' does not exist in the current context [C:\Users\HAO\.gemini\antigravity\scratch\LapLapAutoTool\LapLapAutoTool_qir0ul03_wpftmp.csproj]
C:\Users\HAO\.gemini\antigravity\scratch\LapLapAutoTool\ViewModels\MainWindowViewModel.cs(74,21): error CS0103: The name 'MessageBox' does not exist in the current context [C:\Users\HAO\.gemini\antigravity\scratch\LapLapAutoTool\LapLapAutoTool_qir0ul03_wpftmp.csproj]
C:\Users\HAO\.gemini\antigravity\scratch\LapLapAutoTool\ViewModels\MainWindowViewModel.cs(74,94): error CS0103: The name 'MessageBoxButton' does not exist in the current context [C:\Users\HAO\.gemini\antigravity\scratch\LapLapAutoTool\LapLapAutoTool_qir0ul03_wpftmp.csproj]
C:\Users\HAO\.gemini\antigravity\scratch\LapLapAutoTool\ViewModels\MainWindowViewModel.cs(74,115): error CS0103: The name 'MessageBoxImage' does not exist in the current context [C:\Users\HAO\.gemini\antigravity\scratch\LapLapAutoTool\LapLapAutoTool_qir0ul03_wpftmp.csproj]
C:\Users\HAO\.gemini\antigravity\scratch\LapLapAutoTool\ViewModels\MainWindowViewModel.cs(81,13): error CS0103: The name 'Clipboard' does not exist in the current context [C:\Users\HAO\.gemini\antigravity\scratch\LapLapAutoTool\LapLapAutoTool_qir0ul03_wpftmp.csproj]
C:\Users\HAO\.gemini\antigravity\scratch\LapLapAutoTool\ViewModels\MainWindowViewModel.cs(82,13): error CS0103: The name 'MessageBox' does not exist in the current context [C:\Users\HAO\.gemini\antigravity\scratch\LapLapAutoTool\LapLapAutoTool_qir0ul03_wpftmp.csproj]
C:\Users\HAO\.gemini\antigravity\scratch\LapLapAutoTool\ViewModels\MainWindowViewModel.cs(82,84): error CS0103: The name 'MessageBoxButton' does not exist in the current context [C:\Users\HAO\.gemini\antigravity\scratch\LapLapAutoTool\LapLapAutoTool_qir0ul03_wpftmp.csproj]
C:\Users\HAO\.gemini\antigravity\scratch\LapLapAutoTool\ViewModels\MainWindowViewModel.cs(82,105): error CS0103: The name 'MessageBoxImage' does not exist in the current context [C:\Users\HAO\.gemini\antigravity\scratch\LapLapAutoTool\LapLapAutoTool_qir0ul03_wpftmp.csproj]
    0 Warning(s)
    10 Error(s)

Time Elapsed 00:00:01.20
